SQL> -- Generated by Oracle SQL Developer Data Modeler 4.1.3.901
SQL> --   at:        2016-11-01 10:15:31 EDT
SQL> --   site:      Oracle Database 11g
SQL> --   type:      Oracle Database 11g
SQL> CREATE TABLE License_Tax_Insurance
  (
    StateTax       NUMBER ,
    LicenseFee     NUMBER ,
    ProofInsurance CHAR (1) ,
    BillID         NUMBER NOT NULL
  ) ;

Table LICENSE_TAX_INSURANCE created.

SQL> ALTER TABLE License_Tax_Insurance ADD CHECK ( ProofInsurance IN ('No', 'Yes')) ;

Table LICENSE_TAX_INSURANCE altered.

SQL> ALTER TABLE License_Tax_Insurance ADD CONSTRAINT License_Tax_Insurance_PK PRIMARY KEY ( BillID ) ;

Table LICENSE_TAX_INSURANCE altered.

SQL> CREATE TABLE Relation_16
  (
    vehicle_VehicleID         NUMBER NOT NULL ,
    salesperson_SalesPersonID NUMBER NOT NULL
  ) ;

Table RELATION_16 created.

SQL> ALTER TABLE Relation_16 ADD CONSTRAINT Relation_16_PK PRIMARY KEY ( vehicle_VehicleID, salesperson_SalesPersonID ) ;

Table RELATION_16 altered.

SQL> CREATE TABLE address
  (
    StreetName   CHAR (256) ,
    StreetNumber NUMBER ,
    City         CHAR (256) ,
    Zip          NUMBER ,
    State        CHAR (256) ,
    Country      CHAR (256) ,
    AddressID    NUMBER NOT NULL
  ) ;

Table ADDRESS created.

SQL> ALTER TABLE address ADD CONSTRAINT address_PK PRIMARY KEY ( AddressID ) ;

Table ADDRESS altered.

SQL> CREATE TABLE carColor
  ( ColorID NUMBER NOT NULL , Color CHAR (256)
  ) ;

Table CARCOLOR created.

SQL> ALTER TABLE carColor ADD CONSTRAINT carColor_PK PRIMARY KEY ( ColorID ) ;

Table CARCOLOR altered.

SQL> CREATE TABLE carFeatures
  ( FeatureID NUMBER NOT NULL , Feature CHAR (256)
  ) ;

Table CARFEATURES created.

SQL> ALTER TABLE carFeatures ADD CONSTRAINT carFeatures_PK PRIMARY KEY ( FeatureID ) ;

Table CARFEATURES altered.

SQL> CREATE TABLE carMaker
  (
    MakerID          NUMBER NOT NULL ,
    Maker            CHAR (256) ,
    carModel_ModelID NUMBER NOT NULL
  ) ;

Table CARMAKER created.

SQL> CREATE UNIQUE INDEX carMaker__IDX ON carMaker
  (
    carModel_ModelID ASC
  )
  ;

Unique index CARMAKER__IDX created.

SQL> ALTER TABLE carMaker ADD CONSTRAINT carMaker_PK PRIMARY KEY ( MakerID ) ;

Table CARMAKER altered.

SQL> CREATE TABLE carModel
  (
    ModelID    NUMBER NOT NULL ,
    ModelMaker NUMBER ,
    Model      CHAR (256)
  ) ;

Table CARMODEL created.

SQL> ALTER TABLE carModel ADD CONSTRAINT carModel_PK PRIMARY KEY ( ModelID ) ;

Table CARMODEL altered.

SQL> CREATE TABLE customer
  (
    CustomerID                NUMBER NOT NULL ,
    Loan                      NUMBER ,
    FName                     CHAR (256) ,
    LName                     CHAR (256) ,
    SpendLevel                NUMBER ,
    Years                     NUMBER ,
    Zip                       NUMBER ,
    address_AddressID         NUMBER NOT NULL ,
    phone_phoneID             NUMBER NOT NULL ,
    email_emailID             NUMBER NOT NULL ,
    salesperson_SalesPersonID NUMBER NOT NULL
  ) ;

Table CUSTOMER created.

SQL> CREATE UNIQUE INDEX customer__IDX ON customer
  (
    address_AddressID ASC
  )
  ;

Unique index CUSTOMER__IDX created.

SQL> CREATE UNIQUE INDEX customer__IDXv1 ON customer
  (
    phone_phoneID ASC
  )
  ;

Unique index CUSTOMER__IDXV1 created.

SQL> CREATE UNIQUE INDEX customer__IDXv2 ON customer
  (
    email_emailID ASC
  )
  ;

Unique index CUSTOMER__IDXV2 created.

SQL> CREATE UNIQUE INDEX customer__IDXv3 ON customer
  (
    salesperson_SalesPersonID ASC
  )
  ;

Unique index CUSTOMER__IDXV3 created.

SQL> ALTER TABLE customer ADD CONSTRAINT customer_PK PRIMARY KEY ( CustomerID ) ;

Table CUSTOMER altered.

SQL> CREATE TABLE email
  (
    address CHAR (256) ,
    domain  CHAR (256) ,
    emailID NUMBER NOT NULL
  ) ;

Table EMAIL created.

SQL> ALTER TABLE email ADD CONSTRAINT email_PK PRIMARY KEY ( emailID ) ;

Table EMAIL altered.

SQL> CREATE TABLE phone
  (
    phoneID  NUMBER NOT NULL ,
    areaCode NUMBER ,
    "number" NUMBER
  ) ;

Table PHONE created.

SQL> ALTER TABLE phone ADD CONSTRAINT phone_PK PRIMARY KEY ( phoneID ) ;

Table PHONE altered.

SQL> CREATE TABLE sale
  (
    CurrentMileage               NUMBER ,
    Customization                NUMBER ,
    Financing                    NUMBER ,
    Warranty                     NUMBER ,
    TaxesFees                    NUMBER ,
    TotalPrice                   NUMBER ,
    CostofVehicle                NUMBER ,
    SaleID                       NUMBER NOT NULL ,
    License_Tax_Insurance_BillID NUMBER NOT NULL ,
    vehicle_VehicleID            NUMBER NOT NULL ,
    customer_CustomerID          NUMBER NOT NULL ,
    salesperson_SalesPersonID    NUMBER NOT NULL
  ) ;

Table SALE created.

SQL> CREATE UNIQUE INDEX sale__IDX ON sale
  (
    vehicle_VehicleID ASC
  )
  ;

Unique index SALE__IDX created.

SQL> CREATE UNIQUE INDEX sale__IDXv1 ON sale
  (
    customer_CustomerID ASC
  )
  ;

Unique index SALE__IDXV1 created.

SQL> CREATE UNIQUE INDEX sale__IDXv2 ON sale
  (
    salesperson_SalesPersonID ASC
  )
  ;

Unique index SALE__IDXV2 created.

SQL> CREATE UNIQUE INDEX sale__IDXv3 ON sale
  (
    License_Tax_Insurance_BillID ASC
  )
  ;

Unique index SALE__IDXV3 created.

SQL> ALTER TABLE sale ADD CONSTRAINT sale_PK PRIMARY KEY ( SaleID ) ;

Table SALE altered.

SQL> CREATE TABLE salesperson
  (
    CR                NUMBER ,
    Discount          NUMBER ,
    FName             CHAR (256) ,
    SalesPersonID     NUMBER NOT NULL ,
    LName             CHAR (256) ,
    Manager           NUMBER ,
    Pay               NUMBER ,
    Perform           NUMBER ,
    Sales             NUMBER ,
    SickDays          NUMBER ,
    Status            CHAR (256) ,
    Title             CHAR (256) ,
    VacDays           NUMBER ,
    Years             NUMBER ,
    Zip               NUMBER ,
    address_AddressID NUMBER NOT NULL ,
    phone_phoneID     NUMBER NOT NULL ,
    email_emailID     NUMBER NOT NULL
  ) ;

Table SALESPERSON created.

SQL> ALTER TABLE salesperson ADD CHECK ( CR BETWEEN 0.00 AND 100.00) ;

Table SALESPERSON altered.

SQL> ALTER TABLE salesperson ADD CHECK ( Discount BETWEEN 0.00 AND 100.00) ;

Table SALESPERSON altered.

SQL> CREATE UNIQUE INDEX salesperson__IDX ON salesperson ( address_AddressID ASC ) ;

Unique index SALESPERSON__IDX created.

SQL> CREATE UNIQUE INDEX salesperson__IDXv1 ON salesperson ( phone_phoneID ASC ) ;

Unique index SALESPERSON__IDXV1 created.

SQL> CREATE UNIQUE INDEX salesperson__IDXv2 ON salesperson ( email_emailID ASC ) ;

Unique index SALESPERSON__IDXV2 created.

SQL> ALTER TABLE salesperson ADD CONSTRAINT salesperson_PK PRIMARY KEY ( SalesPersonID ) ;

Table SALESPERSON altered.

SQL> CREATE TABLE satisfaction
  (
    Car                 NUMBER ,
    Dealership          NUMBER ,
    Salesperson         NUMBER ,
    customer_CustomerID NUMBER NOT NULL
  ) ;

Table SATISFACTION created.

SQL> CREATE UNIQUE INDEX satisfaction__IDX ON satisfaction
  (
    customer_CustomerID ASC
  )
  ;

Unique index SATISFACTION__IDX created.

SQL> CREATE TABLE vehicle
  (
    Body UNKNOWN
    --  ERROR: Datatype UNKNOWN is not allowed
    ,
    CheckedOut NUMBER ,
    Delivered  DATE ,
    Doors      NUMBER ,
    Drivetrain CLOB ,
    VehicleID      NUMBER NOT NULL ,
    MileageCurrent NUMBER ,
    MileageOrig    NUMBER ,
    Motor CLOB ,
    NEW       CHAR (1) ,
    Price     NUMBER ,
    ListPrice NUMBER ,
    Status    NUMBER ,
    Transmission CLOB ,
    Weight                INTEGER ,
    YEAR                  INTEGER ,
    carColor_ColorID      NUMBER NOT NULL ,
    carFeatures_FeatureID NUMBER NOT NULL ,
    carModel_ModelID      NUMBER NOT NULL
  ) ;

Error starting at line : 214 in command -
CREATE TABLE vehicle
  (
    Body UNKNOWN
    --  ERROR: Datatype UNKNOWN is not allowed
    ,
    CheckedOut NUMBER ,
    Delivered  DATE ,
    Doors      NUMBER ,
    Drivetrain CLOB ,
    VehicleID      NUMBER NOT NULL ,
    MileageCurrent NUMBER ,
    MileageOrig    NUMBER ,
    Motor CLOB ,
    NEW       CHAR (1) ,
    Price     NUMBER ,
    ListPrice NUMBER ,
    Status    NUMBER ,
    Transmission CLOB ,
    Weight                INTEGER ,
    YEAR                  INTEGER ,
    carColor_ColorID      NUMBER NOT NULL ,
    carFeatures_FeatureID NUMBER NOT NULL ,
    carModel_ModelID      NUMBER NOT NULL
  ) 
Error report -
SQL Error: ORA-00902: invalid datatype
00902. 00000 -  "invalid datatype"
*Cause:    
*Action:
SQL> ALTER TABLE vehicle ADD CHECK ( Body         IN (Coupe, Hatchback, SUV, Sedan, Truck, Van)) ;

Error starting at line : 238 in command -
ALTER TABLE vehicle ADD CHECK ( Body         IN (Coupe, Hatchback, SUV, Sedan, Truck, Van)) 
Error report -
SQL Error: ORA-00942: table or view does not exist
00942. 00000 -  "table or view does not exist"
*Cause:    
*Action:
SQL> ALTER TABLE vehicle ADD CHECK ( Drivetrain   IN ('4WD', 'AWD', 'FWD', 'RWD')) ;

Error starting at line : 239 in command -
ALTER TABLE vehicle ADD CHECK ( Drivetrain   IN ('4WD', 'AWD', 'FWD', 'RWD')) 
Error report -
SQL Error: ORA-00942: table or view does not exist
00942. 00000 -  "table or view does not exist"
*Cause:    
*Action:
SQL> ALTER TABLE vehicle ADD CHECK ( Motor        IN ('4 Cylinder', 'Diesel', 'Electric', 'Fuel Cell', 'Hybrid', 'V10', 'V12', 'V6', 'V8')) ;

Error starting at line : 240 in command -
ALTER TABLE vehicle ADD CHECK ( Motor        IN ('4 Cylinder', 'Diesel', 'Electric', 'Fuel Cell', 'Hybrid', 'V10', 'V12', 'V6', 'V8')) 
Error report -
SQL Error: ORA-00942: table or view does not exist
00942. 00000 -  "table or view does not exist"
*Cause:    
*Action:
SQL> ALTER TABLE vehicle ADD CHECK ( NEW          IN ('No', 'Yes')) ;

Error starting at line : 241 in command -
ALTER TABLE vehicle ADD CHECK ( NEW          IN ('No', 'Yes')) 
Error report -
SQL Error: ORA-00942: table or view does not exist
00942. 00000 -  "table or view does not exist"
*Cause:    
*Action:
SQL> ALTER TABLE vehicle ADD CHECK ( Transmission IN ('Automatic', 'CVT', 'Electric', 'Manual')) ;

Error starting at line : 242 in command -
ALTER TABLE vehicle ADD CHECK ( Transmission IN ('Automatic', 'CVT', 'Electric', 'Manual')) 
Error report -
SQL Error: ORA-00942: table or view does not exist
00942. 00000 -  "table or view does not exist"
*Cause:    
*Action:
SQL> CREATE UNIQUE INDEX vehicle__IDX ON vehicle ( carColor_ColorID ASC ) ;

Error starting at line : 243 in command -
CREATE UNIQUE INDEX vehicle__IDX ON vehicle ( carColor_ColorID ASC ) 
Error report -
SQL Error: ORA-00942: table or view does not exist
00942. 00000 -  "table or view does not exist"
*Cause:    
*Action:
SQL> CREATE UNIQUE INDEX vehicle__IDXv1 ON vehicle ( carFeatures_FeatureID ASC ) ;

Error starting at line : 244 in command -
CREATE UNIQUE INDEX vehicle__IDXv1 ON vehicle ( carFeatures_FeatureID ASC ) 
Error report -
SQL Error: ORA-00942: table or view does not exist
00942. 00000 -  "table or view does not exist"
*Cause:    
*Action:
SQL> CREATE UNIQUE INDEX vehicle__IDXv2 ON vehicle ( carModel_ModelID ASC ) ;

Error starting at line : 245 in command -
CREATE UNIQUE INDEX vehicle__IDXv2 ON vehicle ( carModel_ModelID ASC ) 
Error report -
SQL Error: ORA-00942: table or view does not exist
00942. 00000 -  "table or view does not exist"
*Cause:    
*Action:
SQL> ALTER TABLE vehicle ADD CONSTRAINT vehicle_PK PRIMARY KEY ( VehicleID ) ;

Error starting at line : 246 in command -
ALTER TABLE vehicle ADD CONSTRAINT vehicle_PK PRIMARY KEY ( VehicleID ) 
Error report -
SQL Error: ORA-00942: table or view does not exist
00942. 00000 -  "table or view does not exist"
*Cause:    
*Action:
SQL> ALTER TABLE Relation_16 ADD CONSTRAINT FK_ASS_1 FOREIGN KEY ( vehicle_VehicleID ) REFERENCES vehicle ( VehicleID ) ;

Error starting at line : 249 in command -
ALTER TABLE Relation_16 ADD CONSTRAINT FK_ASS_1 FOREIGN KEY ( vehicle_VehicleID ) REFERENCES vehicle ( VehicleID ) 
Error report -
SQL Error: ORA-00942: table or view does not exist
00942. 00000 -  "table or view does not exist"
*Cause:    
*Action:
SQL> ALTER TABLE Relation_16 ADD CONSTRAINT FK_ASS_2 FOREIGN KEY ( salesperson_SalesPersonID ) REFERENCES salesperson ( SalesPersonID ) ;

Table RELATION_16 altered.

SQL> -- Error - Foreign Key Relation_16 has no columns
SQL> -- Error - Foreign Key Relation_16v1 has no columns
SQL> ALTER TABLE carMaker ADD CONSTRAINT carMaker_carModel_FK FOREIGN KEY ( carModel_ModelID ) REFERENCES carModel ( ModelID ) ;

Table CARMAKER altered.

SQL> ALTER TABLE customer ADD CONSTRAINT customer_address_FK FOREIGN KEY ( address_AddressID ) REFERENCES address ( AddressID ) ;

Table CUSTOMER altered.

SQL> ALTER TABLE customer ADD CONSTRAINT customer_email_FK FOREIGN KEY ( email_emailID ) REFERENCES email ( emailID ) ;

Table CUSTOMER altered.

SQL> ALTER TABLE customer ADD CONSTRAINT customer_phone_FK FOREIGN KEY ( phone_phoneID ) REFERENCES phone ( phoneID ) ;

Table CUSTOMER altered.

SQL> ALTER TABLE customer ADD CONSTRAINT customer_salesperson_FK FOREIGN KEY ( salesperson_SalesPersonID ) REFERENCES salesperson ( SalesPersonID ) ;

Table CUSTOMER altered.

SQL> ALTER TABLE sale ADD CONSTRAINT sale_License_Tax_Insurance_FK FOREIGN KEY ( License_Tax_Insurance_BillID ) REFERENCES License_Tax_Insurance ( BillID ) ;

Table SALE altered.

SQL> ALTER TABLE sale ADD CONSTRAINT sale_customer_FK FOREIGN KEY ( customer_CustomerID ) REFERENCES customer ( CustomerID ) ;

Table SALE altered.

SQL> ALTER TABLE sale ADD CONSTRAINT sale_salesperson_FK FOREIGN KEY ( salesperson_SalesPersonID ) REFERENCES salesperson ( SalesPersonID ) ;

Table SALE altered.

SQL> ALTER TABLE sale ADD CONSTRAINT sale_vehicle_FK FOREIGN KEY ( vehicle_VehicleID ) REFERENCES vehicle ( VehicleID ) ;

Error starting at line : 273 in command -
ALTER TABLE sale ADD CONSTRAINT sale_vehicle_FK FOREIGN KEY ( vehicle_VehicleID ) REFERENCES vehicle ( VehicleID ) 
Error report -
SQL Error: ORA-00942: table or view does not exist
00942. 00000 -  "table or view does not exist"
*Cause:    
*Action:
SQL> ALTER TABLE salesperson ADD CONSTRAINT salesperson_address_FK FOREIGN KEY ( address_AddressID ) REFERENCES address ( AddressID ) ;

Table SALESPERSON altered.

SQL> ALTER TABLE salesperson ADD CONSTRAINT salesperson_email_FK FOREIGN KEY ( email_emailID ) REFERENCES email ( emailID ) ;

Table SALESPERSON altered.

SQL> ALTER TABLE salesperson ADD CONSTRAINT salesperson_phone_FK FOREIGN KEY ( phone_phoneID ) REFERENCES phone ( phoneID ) ;

Table SALESPERSON altered.

SQL> ALTER TABLE satisfaction ADD CONSTRAINT satisfaction_customer_FK FOREIGN KEY ( customer_CustomerID ) REFERENCES customer ( CustomerID ) ;

Table SATISFACTION altered.

SQL> ALTER TABLE vehicle ADD CONSTRAINT vehicle_carColor_FK FOREIGN KEY ( carColor_ColorID ) REFERENCES carColor ( ColorID ) ;

Error starting at line : 283 in command -
ALTER TABLE vehicle ADD CONSTRAINT vehicle_carColor_FK FOREIGN KEY ( carColor_ColorID ) REFERENCES carColor ( ColorID ) 
Error report -
SQL Error: ORA-00942: table or view does not exist
00942. 00000 -  "table or view does not exist"
*Cause:    
*Action:
SQL> ALTER TABLE vehicle ADD CONSTRAINT vehicle_carFeatures_FK FOREIGN KEY ( carFeatures_FeatureID ) REFERENCES carFeatures ( FeatureID ) ;

Error starting at line : 285 in command -
ALTER TABLE vehicle ADD CONSTRAINT vehicle_carFeatures_FK FOREIGN KEY ( carFeatures_FeatureID ) REFERENCES carFeatures ( FeatureID ) 
Error report -
SQL Error: ORA-00942: table or view does not exist
00942. 00000 -  "table or view does not exist"
*Cause:    
*Action:
SQL> ALTER TABLE vehicle ADD CONSTRAINT vehicle_carModel_FK FOREIGN KEY ( carModel_ModelID ) REFERENCES carModel ( ModelID ) ;

Error starting at line : 287 in command -
ALTER TABLE vehicle ADD CONSTRAINT vehicle_carModel_FK FOREIGN KEY ( carModel_ModelID ) REFERENCES carModel ( ModelID ) 
Error report -
SQL Error: ORA-00942: table or view does not exist
00942. 00000 -  "table or view does not exist"
*Cause:    
*Action:
SQL> -- Oracle SQL Developer Data Modeler Summary Report: 
SQL> -- 
SQL> -- CREATE TABLE                            14
SQL> -- CREATE INDEX                            16
SQL> -- ALTER TABLE                             39
SQL> -- CREATE VIEW                              0
SQL> -- ALTER VIEW                               0
SQL> -- CREATE PACKAGE                           0
SQL> -- CREATE PACKAGE BODY                      0
SQL> -- CREATE PROCEDURE                         0
SQL> -- CREATE FUNCTION                          0
SQL> -- CREATE TRIGGER                           0
SQL> -- ALTER TRIGGER                            0
SQL> -- CREATE COLLECTION TYPE                   0
SQL> -- CREATE STRUCTURED TYPE                   0
SQL> -- CREATE STRUCTURED TYPE BODY              0
SQL> -- CREATE CLUSTER                           0
SQL> -- CREATE CONTEXT                           0
SQL> -- CREATE DATABASE                          0
SQL> -- CREATE DIMENSION                         0
SQL> -- CREATE DIRECTORY                         0
SQL> -- CREATE DISK GROUP                        0
SQL> -- CREATE ROLE                              0
SQL> -- CREATE ROLLBACK SEGMENT                  0
SQL> -- CREATE SEQUENCE                          0
SQL> -- CREATE MATERIALIZED VIEW                 0
SQL> -- CREATE SYNONYM                           0
SQL> -- CREATE TABLESPACE                        0
SQL> -- CREATE USER                              0
SQL> -- 
SQL> -- DROP TABLESPACE                          0
SQL> -- DROP DATABASE                            0
SQL> -- 
SQL> -- REDACTION POLICY                         0
SQL> -- 
SQL> -- ORDS DROP SCHEMA                         0
SQL> -- ORDS ENABLE SCHEMA                       0
SQL> -- ORDS ENABLE OBJECT                       0
SQL> -- 
SQL> -- ERRORS                                   3
SQL> -- WARNINGS                                 0
SQL> drop table ADDRESS;

Error starting at line : 1 in command -
drop table ADDRESS
Error report -
SQL Error: ORA-02449: unique/primary keys in table referenced by foreign keys
02449. 00000 -  "unique/primary keys in table referenced by foreign keys"
*Cause:    An attempt was made to drop a table with unique or
           primary keys referenced by foreign keys in another table.
*Action:   Before performing the above operations the table, drop the
           foreign key constraints in other tables. You can see what
           constraints are referencing a table by issuing the following
           command:
           SELECT * FROM USER_CONSTRAINTS WHERE TABLE_NAME = "tabnam";
SQL> drop table CARCOLOR;

Table CARCOLOR dropped.

SQL> drop table CARFEATURES;

Table CARFEATURES dropped.

SQL> drop table CARMODEL;

Error starting at line : 3 in command -
drop table CARMODEL
Error report -
SQL Error: ORA-02449: unique/primary keys in table referenced by foreign keys
02449. 00000 -  "unique/primary keys in table referenced by foreign keys"
*Cause:    An attempt was made to drop a table with unique or
           primary keys referenced by foreign keys in another table.
*Action:   Before performing the above operations the table, drop the
           foreign key constraints in other tables. You can see what
           constraints are referencing a table by issuing the following
           command:
           SELECT * FROM USER_CONSTRAINTS WHERE TABLE_NAME = "tabnam";
SQL> drop table CUSTOMER;

Error starting at line : 4 in command -
drop table CUSTOMER
Error report -
SQL Error: ORA-02449: unique/primary keys in table referenced by foreign keys
02449. 00000 -  "unique/primary keys in table referenced by foreign keys"
*Cause:    An attempt was made to drop a table with unique or
           primary keys referenced by foreign keys in another table.
*Action:   Before performing the above operations the table, drop the
           foreign key constraints in other tables. You can see what
           constraints are referencing a table by issuing the following
           command:
           SELECT * FROM USER_CONSTRAINTS WHERE TABLE_NAME = "tabnam";
SQL> drop table EMAIL;

Error starting at line : 5 in command -
drop table EMAIL
Error report -
SQL Error: ORA-02449: unique/primary keys in table referenced by foreign keys
02449. 00000 -  "unique/primary keys in table referenced by foreign keys"
*Cause:    An attempt was made to drop a table with unique or
           primary keys referenced by foreign keys in another table.
*Action:   Before performing the above operations the table, drop the
           foreign key constraints in other tables. You can see what
           constraints are referencing a table by issuing the following
           command:
           SELECT * FROM USER_CONSTRAINTS WHERE TABLE_NAME = "tabnam";
SQL> drop table LICENSE_TAX_INSURANCE;

Error starting at line : 6 in command -
drop table LICENSE_TAX_INSURANCE
Error report -
SQL Error: ORA-02449: unique/primary keys in table referenced by foreign keys
02449. 00000 -  "unique/primary keys in table referenced by foreign keys"
*Cause:    An attempt was made to drop a table with unique or
           primary keys referenced by foreign keys in another table.
*Action:   Before performing the above operations the table, drop the
           foreign key constraints in other tables. You can see what
           constraints are referencing a table by issuing the following
           command:
           SELECT * FROM USER_CONSTRAINTS WHERE TABLE_NAME = "tabnam";
SQL> drop table PHONE;

Error starting at line : 7 in command -
drop table PHONE
Error report -
SQL Error: ORA-02449: unique/primary keys in table referenced by foreign keys
02449. 00000 -  "unique/primary keys in table referenced by foreign keys"
*Cause:    An attempt was made to drop a table with unique or
           primary keys referenced by foreign keys in another table.
*Action:   Before performing the above operations the table, drop the
           foreign key constraints in other tables. You can see what
           constraints are referencing a table by issuing the following
           command:
           SELECT * FROM USER_CONSTRAINTS WHERE TABLE_NAME = "tabnam";
SQL> drop table SALESPERSON;

Error starting at line : 8 in command -
drop table SALESPERSON
Error report -
SQL Error: ORA-02449: unique/primary keys in table referenced by foreign keys
02449. 00000 -  "unique/primary keys in table referenced by foreign keys"
*Cause:    An attempt was made to drop a table with unique or
           primary keys referenced by foreign keys in another table.
*Action:   Before performing the above operations the table, drop the
           foreign key constraints in other tables. You can see what
           constraints are referencing a table by issuing the following
           command:
           SELECT * FROM USER_CONSTRAINTS WHERE TABLE_NAME = "tabnam";
SQL> drop table SATISFACTION;

Table SATISFACTION dropped.

SQL> drop table RELATION_16;

Table RELATION_16 dropped.

SQL> drop table ADDRESS;

Error starting at line : 11 in command -
drop table ADDRESS
Error report -
SQL Error: ORA-02449: unique/primary keys in table referenced by foreign keys
02449. 00000 -  "unique/primary keys in table referenced by foreign keys"
*Cause:    An attempt was made to drop a table with unique or
           primary keys referenced by foreign keys in another table.
*Action:   Before performing the above operations the table, drop the
           foreign key constraints in other tables. You can see what
           constraints are referencing a table by issuing the following
           command:
           SELECT * FROM USER_CONSTRAINTS WHERE TABLE_NAME = "tabnam";
SQL> drop table CARCOLOR;

Error starting at line : 1 in command -
drop table CARCOLOR
Error report -
SQL Error: ORA-00942: table or view does not exist
00942. 00000 -  "table or view does not exist"
*Cause:    
*Action:
SQL> drop table CARFEATURES;

Error starting at line : 2 in command -
drop table CARFEATURES
Error report -
SQL Error: ORA-00942: table or view does not exist
00942. 00000 -  "table or view does not exist"
*Cause:    
*Action:
SQL> drop table CARMODEL;

Error starting at line : 3 in command -
drop table CARMODEL
Error report -
SQL Error: ORA-02449: unique/primary keys in table referenced by foreign keys
02449. 00000 -  "unique/primary keys in table referenced by foreign keys"
*Cause:    An attempt was made to drop a table with unique or
           primary keys referenced by foreign keys in another table.
*Action:   Before performing the above operations the table, drop the
           foreign key constraints in other tables. You can see what
           constraints are referencing a table by issuing the following
           command:
           SELECT * FROM USER_CONSTRAINTS WHERE TABLE_NAME = "tabnam";
SQL> drop table CARMAKER;

Table CARMAKER dropped.

SQL> drop table CUSTOMER;

Error starting at line : 5 in command -
drop table CUSTOMER
Error report -
SQL Error: ORA-02449: unique/primary keys in table referenced by foreign keys
02449. 00000 -  "unique/primary keys in table referenced by foreign keys"
*Cause:    An attempt was made to drop a table with unique or
           primary keys referenced by foreign keys in another table.
*Action:   Before performing the above operations the table, drop the
           foreign key constraints in other tables. You can see what
           constraints are referencing a table by issuing the following
           command:
           SELECT * FROM USER_CONSTRAINTS WHERE TABLE_NAME = "tabnam";
SQL> drop table EMAIL;

Error starting at line : 6 in command -
drop table EMAIL
Error report -
SQL Error: ORA-02449: unique/primary keys in table referenced by foreign keys
02449. 00000 -  "unique/primary keys in table referenced by foreign keys"
*Cause:    An attempt was made to drop a table with unique or
           primary keys referenced by foreign keys in another table.
*Action:   Before performing the above operations the table, drop the
           foreign key constraints in other tables. You can see what
           constraints are referencing a table by issuing the following
           command:
           SELECT * FROM USER_CONSTRAINTS WHERE TABLE_NAME = "tabnam";
SQL> drop table LICENSE_TAX_INSURANCE;

Error starting at line : 7 in command -
drop table LICENSE_TAX_INSURANCE
Error report -
SQL Error: ORA-02449: unique/primary keys in table referenced by foreign keys
02449. 00000 -  "unique/primary keys in table referenced by foreign keys"
*Cause:    An attempt was made to drop a table with unique or
           primary keys referenced by foreign keys in another table.
*Action:   Before performing the above operations the table, drop the
           foreign key constraints in other tables. You can see what
           constraints are referencing a table by issuing the following
           command:
           SELECT * FROM USER_CONSTRAINTS WHERE TABLE_NAME = "tabnam";
SQL> drop table PHONE;

Error starting at line : 8 in command -
drop table PHONE
Error report -
SQL Error: ORA-02449: unique/primary keys in table referenced by foreign keys
02449. 00000 -  "unique/primary keys in table referenced by foreign keys"
*Cause:    An attempt was made to drop a table with unique or
           primary keys referenced by foreign keys in another table.
*Action:   Before performing the above operations the table, drop the
           foreign key constraints in other tables. You can see what
           constraints are referencing a table by issuing the following
           command:
           SELECT * FROM USER_CONSTRAINTS WHERE TABLE_NAME = "tabnam";
SQL> drop table SALESPERSON;

Error starting at line : 9 in command -
drop table SALESPERSON
Error report -
SQL Error: ORA-02449: unique/primary keys in table referenced by foreign keys
02449. 00000 -  "unique/primary keys in table referenced by foreign keys"
*Cause:    An attempt was made to drop a table with unique or
           primary keys referenced by foreign keys in another table.
*Action:   Before performing the above operations the table, drop the
           foreign key constraints in other tables. You can see what
           constraints are referencing a table by issuing the following
           command:
           SELECT * FROM USER_CONSTRAINTS WHERE TABLE_NAME = "tabnam";
SQL> drop table SATISFACTION;

Error starting at line : 10 in command -
drop table SATISFACTION
Error report -
SQL Error: ORA-00942: table or view does not exist
00942. 00000 -  "table or view does not exist"
*Cause:    
*Action:
SQL> drop table ADDRESS;

Error starting at line : 11 in command -
drop table ADDRESS
Error report -
SQL Error: ORA-02449: unique/primary keys in table referenced by foreign keys
02449. 00000 -  "unique/primary keys in table referenced by foreign keys"
*Cause:    An attempt was made to drop a table with unique or
           primary keys referenced by foreign keys in another table.
*Action:   Before performing the above operations the table, drop the
           foreign key constraints in other tables. You can see what
           constraints are referencing a table by issuing the following
           command:
           SELECT * FROM USER_CONSTRAINTS WHERE TABLE_NAME = "tabnam";
SQL> drop table CARCOLOR CASCADE constraints;

Error starting at line : 1 in command -
drop table CARCOLOR CASCADE constraints
Error report -
SQL Error: ORA-00942: table or view does not exist
00942. 00000 -  "table or view does not exist"
*Cause:    
*Action:
SQL> drop table CARFEATURES CASCADE constraints;

Error starting at line : 2 in command -
drop table CARFEATURES CASCADE constraints
Error report -
SQL Error: ORA-00942: table or view does not exist
00942. 00000 -  "table or view does not exist"
*Cause:    
*Action:
SQL> drop table CARMODEL CASCADE constraints;

Error starting at line : 3 in command -
drop table CARMODEL CASCADE constraints
Error report -
SQL Error: ORA-00942: table or view does not exist
00942. 00000 -  "table or view does not exist"
*Cause:    
*Action:
SQL> drop table CARMAKER CASCADE constraints;

Error starting at line : 4 in command -
drop table CARMAKER CASCADE constraints
Error report -
SQL Error: ORA-00942: table or view does not exist
00942. 00000 -  "table or view does not exist"
*Cause:    
*Action:
SQL> drop table CUSTOMER CASCADE constraints;

Table CUSTOMER dropped.

SQL> drop table EMAIL CASCADE constraints;

Table EMAIL dropped.

SQL> drop table LICENSE_TAX_INSURANCE CASCADE constraints;

Table LICENSE_TAX_INSURANCE dropped.

SQL> drop table PHONE CASCADE constraints;

Table PHONE dropped.

SQL> drop table SALESPERSON CASCADE constraints;

Table SALESPERSON dropped.

SQL> drop table SATISFACTION CASCADE constraints;

Error starting at line : 10 in command -
drop table SATISFACTION CASCADE constraints
Error report -
SQL Error: ORA-00942: table or view does not exist
00942. 00000 -  "table or view does not exist"
*Cause:    
*Action:
SQL> drop table ADDRESS CASCADE constraints;

Error starting at line : 11 in command -
drop table ADDRESS CASCADE constraints
Error report -
SQL Error: ORA-00942: table or view does not exist
00942. 00000 -  "table or view does not exist"
*Cause:    
*Action:
SQL> set echo on
SQL> -- Generated by Oracle SQL Developer Data Modeler 4.1.3.901
SQL> --   at:        2016-11-01 10:47:48 EDT
SQL> --   site:      Oracle Database 11g
SQL> --   type:      Oracle Database 11g
SQL> CREATE TABLE CheckedOut
  (
    vehicle_VehicleID         NUMBER NOT NULL ,
    salesperson_SalesPersonID NUMBER NOT NULL
  ) ;

Table CHECKEDOUT created.

SQL> ALTER TABLE CheckedOut ADD CONSTRAINT Relation_16_PK PRIMARY KEY ( vehicle_VehicleID, salesperson_SalesPersonID ) ;

Table CHECKEDOUT altered.

SQL> CREATE TABLE License_Tax_Insurance
  (
    StateTax       NUMBER ,
    LicenseFee     NUMBER ,
    ProofInsurance CHAR (1) ,
    BillID         NUMBER NOT NULL
  ) ;

Table LICENSE_TAX_INSURANCE created.

SQL> ALTER TABLE License_Tax_Insurance ADD CHECK ( ProofInsurance IN ('No', 'Yes')) ;

Table LICENSE_TAX_INSURANCE altered.

SQL> ALTER TABLE License_Tax_Insurance ADD CONSTRAINT License_Tax_Insurance_PK PRIMARY KEY ( BillID ) ;

Table LICENSE_TAX_INSURANCE altered.

SQL> CREATE TABLE address
  (
    StreetName   CHAR (256) ,
    StreetNumber NUMBER ,
    City         CHAR (256) ,
    Zip          NUMBER ,
    State        CHAR (256) ,
    Country      CHAR (256) ,
    AddressID    NUMBER NOT NULL
  ) ;

Table ADDRESS created.

SQL> ALTER TABLE address ADD CONSTRAINT address_PK PRIMARY KEY ( AddressID ) ;

Table ADDRESS altered.

SQL> CREATE TABLE carColor
  ( ColorID NUMBER NOT NULL , Color CHAR (256)
  ) ;

Table CARCOLOR created.

SQL> ALTER TABLE carColor ADD CONSTRAINT carColor_PK PRIMARY KEY ( ColorID ) ;

Table CARCOLOR altered.

SQL> CREATE TABLE carFeatures
  ( FeatureID NUMBER NOT NULL , Feature CHAR (256)
  ) ;

Table CARFEATURES created.

SQL> ALTER TABLE carFeatures ADD CONSTRAINT carFeatures_PK PRIMARY KEY ( FeatureID ) ;

Table CARFEATURES altered.

SQL> CREATE TABLE carMaker
  (
    MakerID          NUMBER NOT NULL ,
    Maker            CHAR (256) ,
    carModel_ModelID NUMBER NOT NULL
  ) ;

Table CARMAKER created.

SQL> CREATE UNIQUE INDEX carMaker__IDX ON carMaker
  (
    carModel_ModelID ASC
  )
  ;

Unique index CARMAKER__IDX created.

SQL> ALTER TABLE carMaker ADD CONSTRAINT carMaker_PK PRIMARY KEY ( MakerID ) ;

Table CARMAKER altered.

SQL> CREATE TABLE carModel
  (
    ModelID    NUMBER NOT NULL ,
    ModelMaker NUMBER ,
    Model      CHAR (256)
  ) ;

Table CARMODEL created.

SQL> ALTER TABLE carModel ADD CONSTRAINT carModel_PK PRIMARY KEY ( ModelID ) ;

Table CARMODEL altered.

SQL> CREATE TABLE customer
  (
    CustomerID                NUMBER NOT NULL ,
    Loan                      NUMBER ,
    FName                     CHAR (256) ,
    LName                     CHAR (256) ,
    SpendLevel                NUMBER ,
    Years                     NUMBER ,
    Zip                       NUMBER ,
    address_AddressID         NUMBER NOT NULL ,
    phone_phoneID             NUMBER NOT NULL ,
    email_emailID             NUMBER NOT NULL ,
    salesperson_SalesPersonID NUMBER NOT NULL
  ) ;

Table CUSTOMER created.

SQL> CREATE UNIQUE INDEX customer__IDX ON customer
  (
    address_AddressID ASC
  )
  ;

Unique index CUSTOMER__IDX created.

SQL> CREATE UNIQUE INDEX customer__IDXv1 ON customer
  (
    phone_phoneID ASC
  )
  ;

Unique index CUSTOMER__IDXV1 created.

SQL> CREATE UNIQUE INDEX customer__IDXv2 ON customer
  (
    email_emailID ASC
  )
  ;

Unique index CUSTOMER__IDXV2 created.

SQL> CREATE UNIQUE INDEX customer__IDXv3 ON customer
  (
    salesperson_SalesPersonID ASC
  )
  ;

Unique index CUSTOMER__IDXV3 created.

SQL> ALTER TABLE customer ADD CONSTRAINT customer_PK PRIMARY KEY ( CustomerID ) ;

Table CUSTOMER altered.

SQL> CREATE TABLE email
  (
    address CHAR (256) ,
    domain  CHAR (256) ,
    emailID NUMBER NOT NULL
  ) ;

Table EMAIL created.

SQL> ALTER TABLE email ADD CONSTRAINT email_PK PRIMARY KEY ( emailID ) ;

Table EMAIL altered.

SQL> CREATE TABLE phone
  (
    phoneID  NUMBER NOT NULL ,
    areaCode NUMBER ,
    "number" NUMBER
  ) ;

Table PHONE created.

SQL> ALTER TABLE phone ADD CONSTRAINT phone_PK PRIMARY KEY ( phoneID ) ;

Table PHONE altered.

SQL> CREATE TABLE sale
  (
    CurrentMileage               NUMBER ,
    Customization                NUMBER ,
    Financing                    NUMBER ,
    Warranty                     NUMBER ,
    TaxesFees                    NUMBER ,
    TotalPrice                   NUMBER ,
    CostofVehicle                NUMBER ,
    SaleID                       NUMBER NOT NULL ,
    License_Tax_Insurance_BillID NUMBER NOT NULL ,
    vehicle_VehicleID            NUMBER NOT NULL ,
    customer_CustomerID          NUMBER NOT NULL ,
    salesperson_SalesPersonID    NUMBER NOT NULL ,
    SalesPersonID1               NUMBER NOT NULL
  ) ;

Error starting at line : 133 in command -
CREATE TABLE sale
  (
    CurrentMileage               NUMBER ,
    Customization                NUMBER ,
    Financing                    NUMBER ,
    Warranty                     NUMBER ,
    TaxesFees                    NUMBER ,
    TotalPrice                   NUMBER ,
    CostofVehicle                NUMBER ,
    SaleID                       NUMBER NOT NULL ,
    License_Tax_Insurance_BillID NUMBER NOT NULL ,
    vehicle_VehicleID            NUMBER NOT NULL ,
    customer_CustomerID          NUMBER NOT NULL ,
    salesperson_SalesPersonID    NUMBER NOT NULL ,
    SalesPersonID1               NUMBER NOT NULL
  ) 
Error report -
SQL Error: ORA-00955: name is already used by an existing object
00955. 00000 -  "name is already used by an existing object"
*Cause:    
*Action:
SQL> CREATE UNIQUE INDEX sale__IDX ON sale
  (
    vehicle_VehicleID ASC
  )
  ;

Error starting at line : 149 in command -
CREATE UNIQUE INDEX sale__IDX ON sale
  (
    vehicle_VehicleID ASC
  )
  
Error report -
SQL Error: ORA-00955: name is already used by an existing object
00955. 00000 -  "name is already used by an existing object"
*Cause:    
*Action:
SQL> CREATE UNIQUE INDEX sale__IDXv1 ON sale
  (
    customer_CustomerID ASC
  )
  ;

Error starting at line : 154 in command -
CREATE UNIQUE INDEX sale__IDXv1 ON sale
  (
    customer_CustomerID ASC
  )
  
Error report -
SQL Error: ORA-00955: name is already used by an existing object
00955. 00000 -  "name is already used by an existing object"
*Cause:    
*Action:
SQL> CREATE UNIQUE INDEX sale__IDXv2 ON sale
  (
    salesperson_SalesPersonID ASC
  )
  ;

Error starting at line : 159 in command -
CREATE UNIQUE INDEX sale__IDXv2 ON sale
  (
    salesperson_SalesPersonID ASC
  )
  
Error report -
SQL Error: ORA-00955: name is already used by an existing object
00955. 00000 -  "name is already used by an existing object"
*Cause:    
*Action:
SQL> CREATE UNIQUE INDEX sale__IDXv3 ON sale
  (
    License_Tax_Insurance_BillID ASC
  )
  ;

Error starting at line : 164 in command -
CREATE UNIQUE INDEX sale__IDXv3 ON sale
  (
    License_Tax_Insurance_BillID ASC
  )
  
Error report -
SQL Error: ORA-00955: name is already used by an existing object
00955. 00000 -  "name is already used by an existing object"
*Cause:    
*Action:
SQL> CREATE UNIQUE INDEX sale__IDXv4 ON sale
  (
    vehicle_VehicleID ASC , SalesPersonID1 ASC
  )
  ;

Error starting at line : 169 in command -
CREATE UNIQUE INDEX sale__IDXv4 ON sale
  (
    vehicle_VehicleID ASC , SalesPersonID1 ASC
  )
  
Error report -
SQL Error: ORA-00904: "SALESPERSONID1": invalid identifier
00904. 00000 -  "%s: invalid identifier"
*Cause:    
*Action:
SQL> ALTER TABLE sale ADD CONSTRAINT sale_PK PRIMARY KEY ( SaleID ) ;

Error starting at line : 174 in command -
ALTER TABLE sale ADD CONSTRAINT sale_PK PRIMARY KEY ( SaleID ) 
Error report -
SQL Error: ORA-02260: table can have only one primary key
02260. 00000 -  "table can have only one primary key"
*Cause:    Self-evident.
*Action:   Remove the extra primary key.
SQL> CREATE TABLE salesperson
  (
    CR                NUMBER ,
    Discount          NUMBER ,
    FName             CHAR (256) ,
    SalesPersonID     NUMBER NOT NULL ,
    LName             CHAR (256) ,
    Manager           NUMBER ,
    Pay               NUMBER ,
    Perform           NUMBER ,
    Sales             NUMBER ,
    SickDays          NUMBER ,
    Status            CHAR (256) ,
    Title             CHAR (256) ,
    VacDays           NUMBER ,
    Years             NUMBER ,
    Zip               NUMBER ,
    address_AddressID NUMBER NOT NULL ,
    phone_phoneID     NUMBER NOT NULL ,
    email_emailID     NUMBER NOT NULL
  ) ;

Table SALESPERSON created.

SQL> ALTER TABLE salesperson ADD CHECK ( CR BETWEEN 0.00 AND 100.00) ;

Table SALESPERSON altered.

SQL> ALTER TABLE salesperson ADD CHECK ( Discount BETWEEN 0.00 AND 100.00) ;

Table SALESPERSON altered.

SQL> CREATE UNIQUE INDEX salesperson__IDX ON salesperson ( address_AddressID ASC ) ;

Unique index SALESPERSON__IDX created.

SQL> CREATE UNIQUE INDEX salesperson__IDXv1 ON salesperson ( phone_phoneID ASC ) ;

Unique index SALESPERSON__IDXV1 created.

SQL> CREATE UNIQUE INDEX salesperson__IDXv2 ON salesperson ( email_emailID ASC ) ;

Unique index SALESPERSON__IDXV2 created.

SQL> ALTER TABLE salesperson ADD CONSTRAINT salesperson_PK PRIMARY KEY ( SalesPersonID ) ;

Table SALESPERSON altered.

SQL> CREATE TABLE satisfaction
  (
    Car                 NUMBER ,
    Dealership          NUMBER ,
    Salesperson         NUMBER ,
    customer_CustomerID NUMBER NOT NULL
  ) ;

Table SATISFACTION created.

SQL> CREATE UNIQUE INDEX satisfaction__IDX ON satisfaction
  (
    customer_CustomerID ASC
  )
  ;

Unique index SATISFACTION__IDX created.

SQL> CREATE TABLE vehicle
  (
    Body CLOB ,
    CheckedOut NUMBER ,
    Delivered  DATE ,
    Doors      NUMBER ,
    Drivetrain CLOB ,
    VehicleID      NUMBER NOT NULL ,
    MileageCurrent NUMBER ,
    MileageOrig    NUMBER ,
    Motor CLOB ,
    NEW       CHAR (1) ,
    Price     NUMBER ,
    ListPrice NUMBER ,
    Status    NUMBER ,
    Transmission CLOB ,
    Weight                    INTEGER ,
    YEAR                      INTEGER ,
    carColor_ColorID          NUMBER NOT NULL ,
    carFeatures_FeatureID     NUMBER NOT NULL ,
    carModel_ModelID          NUMBER NOT NULL ,
    salesperson_SalesPersonID NUMBER NOT NULL
  ) ;

Table VEHICLE created.

SQL> ALTER TABLE vehicle ADD CHECK ( Body         IN ('Coupe', 'Hatchback', 'SUV', 'Sedan', 'Truck', 'Van')) ;

Error starting at line : 243 in command -
ALTER TABLE vehicle ADD CHECK ( Body         IN ('Coupe', 'Hatchback', 'SUV', 'Sedan', 'Truck', 'Van')) 
Error report -
SQL Error: ORA-00932: inconsistent datatypes: expected - got CLOB
00932. 00000 -  "inconsistent datatypes: expected %s got %s"
*Cause:    
*Action:
SQL> ALTER TABLE vehicle ADD CHECK ( Drivetrain   IN ('4WD', 'AWD', 'FWD', 'RWD')) ;

Error starting at line : 244 in command -
ALTER TABLE vehicle ADD CHECK ( Drivetrain   IN ('4WD', 'AWD', 'FWD', 'RWD')) 
Error report -
SQL Error: ORA-00932: inconsistent datatypes: expected - got CLOB
00932. 00000 -  "inconsistent datatypes: expected %s got %s"
*Cause:    
*Action:
SQL> ALTER TABLE vehicle ADD CHECK ( Motor        IN ('4 Cylinder', 'Diesel', 'Electric', 'Fuel Cell', 'Hybrid', 'V10', 'V12', 'V6', 'V8')) ;

Error starting at line : 245 in command -
ALTER TABLE vehicle ADD CHECK ( Motor        IN ('4 Cylinder', 'Diesel', 'Electric', 'Fuel Cell', 'Hybrid', 'V10', 'V12', 'V6', 'V8')) 
Error report -
SQL Error: ORA-00932: inconsistent datatypes: expected - got CLOB
00932. 00000 -  "inconsistent datatypes: expected %s got %s"
*Cause:    
*Action:
SQL> ALTER TABLE vehicle ADD CHECK ( NEW          IN ('No', 'Yes')) ;

Table VEHICLE altered.

SQL> ALTER TABLE vehicle ADD CHECK ( Transmission IN ('Automatic', 'CVT', 'Electric', 'Manual')) ;

Error starting at line : 247 in command -
ALTER TABLE vehicle ADD CHECK ( Transmission IN ('Automatic', 'CVT', 'Electric', 'Manual')) 
Error report -
SQL Error: ORA-00932: inconsistent datatypes: expected - got CLOB
00932. 00000 -  "inconsistent datatypes: expected %s got %s"
*Cause:    
*Action:
SQL> CREATE UNIQUE INDEX vehicle__IDX ON vehicle ( carColor_ColorID ASC ) ;

Unique index VEHICLE__IDX created.

SQL> CREATE UNIQUE INDEX vehicle__IDXv1 ON vehicle ( carFeatures_FeatureID ASC ) ;

Unique index VEHICLE__IDXV1 created.

SQL> CREATE UNIQUE INDEX vehicle__IDXv2 ON vehicle ( carModel_ModelID ASC ) ;

Unique index VEHICLE__IDXV2 created.

SQL> ALTER TABLE vehicle ADD CONSTRAINT vehicle_PK PRIMARY KEY ( VehicleID, salesperson_SalesPersonID ) ;

Table VEHICLE altered.

SQL> ALTER TABLE CheckedOut ADD CONSTRAINT FK_ASS_25 FOREIGN KEY ( vehicle_VehicleID ) REFERENCES vehicle ( VehicleID, salesperson_SalesPersonID ) ;

Error starting at line : 254 in command -
ALTER TABLE CheckedOut ADD CONSTRAINT FK_ASS_25 FOREIGN KEY ( vehicle_VehicleID ) REFERENCES vehicle ( VehicleID, salesperson_SalesPersonID ) 
Error report -
SQL Error: ORA-02256: number of referencing columns must match referenced columns
02256. 00000 -  "number of referencing columns must match referenced columns"
*Cause:    The number of columns in the foreign-key referencing list is not
           equal to the number of columns in the referenced list.
*Action:   Make sure that the referencing columns match the referenced
           columns.
SQL> ALTER TABLE CheckedOut ADD CONSTRAINT FK_ASS_26 FOREIGN KEY ( salesperson_SalesPersonID ) REFERENCES salesperson ( SalesPersonID ) ;

Table CHECKEDOUT altered.

SQL> -- Error - Foreign Key Relation_16 has no columns
SQL> -- Error - Foreign Key Relation_16v1 has no columns
SQL> ALTER TABLE carMaker ADD CONSTRAINT carMaker_carModel_FK FOREIGN KEY ( carModel_ModelID ) REFERENCES carModel ( ModelID ) ;

Table CARMAKER altered.

SQL> ALTER TABLE customer ADD CONSTRAINT customer_address_FK FOREIGN KEY ( address_AddressID ) REFERENCES address ( AddressID ) ;

Table CUSTOMER altered.

SQL> ALTER TABLE customer ADD CONSTRAINT customer_email_FK FOREIGN KEY ( email_emailID ) REFERENCES email ( emailID ) ;

Table CUSTOMER altered.

SQL> ALTER TABLE customer ADD CONSTRAINT customer_phone_FK FOREIGN KEY ( phone_phoneID ) REFERENCES phone ( phoneID ) ;

Table CUSTOMER altered.

SQL> ALTER TABLE customer ADD CONSTRAINT customer_salesperson_FK FOREIGN KEY ( salesperson_SalesPersonID ) REFERENCES salesperson ( SalesPersonID ) ;

Table CUSTOMER altered.

SQL> ALTER TABLE sale ADD CONSTRAINT sale_License_Tax_Insurance_FK FOREIGN KEY ( License_Tax_Insurance_BillID ) REFERENCES License_Tax_Insurance ( BillID ) ;

Table SALE altered.

SQL> ALTER TABLE sale ADD CONSTRAINT sale_customer_FK FOREIGN KEY ( customer_CustomerID ) REFERENCES customer ( CustomerID ) ;

Table SALE altered.

SQL> ALTER TABLE sale ADD CONSTRAINT sale_salesperson_FK FOREIGN KEY ( salesperson_SalesPersonID ) REFERENCES salesperson ( SalesPersonID ) ;

Table SALE altered.

SQL> ALTER TABLE sale ADD CONSTRAINT sale_vehicle_FK FOREIGN KEY ( vehicle_VehicleID, SalesPersonID1 ) REFERENCES vehicle ( VehicleID, salesperson_SalesPersonID ) ;

Error starting at line : 278 in command -
ALTER TABLE sale ADD CONSTRAINT sale_vehicle_FK FOREIGN KEY ( vehicle_VehicleID, SalesPersonID1 ) REFERENCES vehicle ( VehicleID, salesperson_SalesPersonID ) 
Error report -
SQL Error: ORA-00904: "SALESPERSONID1": invalid identifier
00904. 00000 -  "%s: invalid identifier"
*Cause:    
*Action:
SQL> ALTER TABLE salesperson ADD CONSTRAINT salesperson_address_FK FOREIGN KEY ( address_AddressID ) REFERENCES address ( AddressID ) ;

Table SALESPERSON altered.

SQL> ALTER TABLE salesperson ADD CONSTRAINT salesperson_email_FK FOREIGN KEY ( email_emailID ) REFERENCES email ( emailID ) ;

Table SALESPERSON altered.

SQL> ALTER TABLE salesperson ADD CONSTRAINT salesperson_phone_FK FOREIGN KEY ( phone_phoneID ) REFERENCES phone ( phoneID ) ;

Table SALESPERSON altered.

SQL> ALTER TABLE satisfaction ADD CONSTRAINT satisfaction_customer_FK FOREIGN KEY ( customer_CustomerID ) REFERENCES customer ( CustomerID ) ;

Table SATISFACTION altered.

SQL> ALTER TABLE vehicle ADD CONSTRAINT vehicle_carColor_FK FOREIGN KEY ( carColor_ColorID ) REFERENCES carColor ( ColorID ) ;

Table VEHICLE altered.

SQL> ALTER TABLE vehicle ADD CONSTRAINT vehicle_carFeatures_FK FOREIGN KEY ( carFeatures_FeatureID ) REFERENCES carFeatures ( FeatureID ) ;

Table VEHICLE altered.

SQL> ALTER TABLE vehicle ADD CONSTRAINT vehicle_carModel_FK FOREIGN KEY ( carModel_ModelID ) REFERENCES carModel ( ModelID ) ;

Table VEHICLE altered.

SQL> ALTER TABLE vehicle ADD CONSTRAINT vehicle_salesperson_FK FOREIGN KEY ( salesperson_SalesPersonID ) REFERENCES salesperson ( SalesPersonID ) ;

Table VEHICLE altered.

SQL> -- Oracle SQL Developer Data Modeler Summary Report: 
SQL> -- 
SQL> -- CREATE TABLE                            14
SQL> -- CREATE INDEX                            17
SQL> -- ALTER TABLE                             40
SQL> -- CREATE VIEW                              0
SQL> -- ALTER VIEW                               0
SQL> -- CREATE PACKAGE                           0
SQL> -- CREATE PACKAGE BODY                      0
SQL> -- CREATE PROCEDURE                         0
SQL> -- CREATE FUNCTION                          0
SQL> -- CREATE TRIGGER                           0
SQL> -- ALTER TRIGGER                            0
SQL> -- CREATE COLLECTION TYPE                   0
SQL> -- CREATE STRUCTURED TYPE                   0
SQL> -- CREATE STRUCTURED TYPE BODY              0
SQL> -- CREATE CLUSTER                           0
SQL> -- CREATE CONTEXT                           0
SQL> -- CREATE DATABASE                          0
SQL> -- CREATE DIMENSION                         0
SQL> -- CREATE DIRECTORY                         0
SQL> -- CREATE DISK GROUP                        0
SQL> -- CREATE ROLE                              0
SQL> -- CREATE ROLLBACK SEGMENT                  0
SQL> -- CREATE SEQUENCE                          0
SQL> -- CREATE MATERIALIZED VIEW                 0
SQL> -- CREATE SYNONYM                           0
SQL> -- CREATE TABLESPACE                        0
SQL> -- CREATE USER                              0
SQL> -- 
SQL> -- DROP TABLESPACE                          0
SQL> -- DROP DATABASE                            0
SQL> -- 
SQL> -- REDACTION POLICY                         0
SQL> -- 
SQL> -- ORDS DROP SCHEMA                         0
SQL> -- ORDS ENABLE SCHEMA                       0
SQL> -- ORDS ENABLE OBJECT                       0
SQL> -- 
SQL> -- ERRORS                                   2
SQL> -- WARNINGS                                 0
SQL> DROP TABLE ADDRESS CASCADE CONSTRAINTS;

Table ADDRESS dropped.

SQL> DROP TABLE CARCOLOR CASCADE CONSTRAINTS;

Table CARCOLOR dropped.

SQL> DROP TABLE CARFEATURES CASCADE CONSTRAINTS;

Table CARFEATURES dropped.

SQL> DROP TABLE CARMAKER CASCADE CONSTRAINTS;

Table CARMAKER dropped.

SQL> DROP TABLE CARMODEL CASCADE CONSTRAINTS;

Table CARMODEL dropped.

SQL> DROP TABLE CHECKEDOUT CASCADE CONSTRAINTS;

Table CHECKEDOUT dropped.

SQL> DROP TABLE CUSTOMER CASCADE CONSTRAINTS;

Table CUSTOMER dropped.

SQL> DROP TABLE EMAIL CASCADE CONSTRAINTS;

Table EMAIL dropped.

SQL> DROP TABLE PHONE CASCADE CONSTRAINTS;

Table PHONE dropped.

SQL> DROP TABLE SALESPERSON CASCADE CONSTRAINTS;

Table SALESPERSON dropped.

SQL> DROP TABLE LICENSE_TAX_INSURANCE CASCADE CONSTRAINTS;

Table LICENSE_TAX_INSURANCE dropped.

SQL> DROP TABLE VEHICLE CASCADE CONSTRAINTS;

Table VEHICLE dropped.

SQL> DROP TABLE SALE CASCADE CONSTRAINTS;

Table SALE dropped.

SQL> DROP TABLE SATISFACTION CASCADE CONSTRAINTS;

Table SATISFACTION dropped.

SQL> SET ECHO ON
SQL> -- Generated by Oracle SQL Developer Data Modeler 4.1.3.901
SQL> --   at:        2016-11-01 16:08:23 EDT
SQL> --   site:      Oracle Database 11g
SQL> --   type:      Oracle Database 11g
SQL> CREATE TABLE DriveTrain
  (
    DrivetrainID NUMBER NOT NULL ,
    Drivetrain   CHAR (256)
  ) ;

Table DRIVETRAIN created.

SQL> ALTER TABLE DriveTrain ADD CONSTRAINT DriveTrain_PK PRIMARY KEY ( DrivetrainID ) ;

Table DRIVETRAIN altered.

SQL> CREATE TABLE License_Tax_Insur
  (
    StateTax       NUMBER ,
    LicenseFee     NUMBER ,
    ProofInsurance CHAR (1) ,
    AddiFeeID      NUMBER NOT NULL
  ) ;

Table LICENSE_TAX_INSUR created.

SQL> ALTER TABLE License_Tax_Insur ADD CHECK ( ProofInsurance IN ('N', 'Y', 'n', 'y')) ;

Table LICENSE_TAX_INSUR altered.

SQL> ALTER TABLE License_Tax_Insur ADD CONSTRAINT License_Tax_Insur_PK PRIMARY KEY ( AddiFeeID ) ;

Table LICENSE_TAX_INSUR altered.

SQL> CREATE TABLE Motor
  ( MotorID NUMBER NOT NULL , Motor CHAR (256)
  ) ;

Table MOTOR created.

SQL> ALTER TABLE Motor ADD CONSTRAINT Motor_PK PRIMARY KEY ( MotorID ) ;

Table MOTOR altered.

SQL> CREATE TABLE address
  (
    StreetName   CHAR (256) ,
    StreetNumber NUMBER ,
    City         CHAR (256) ,
    State        CHAR (256) ,
    Country      CHAR (256) ,
    AddressID    NUMBER NOT NULL
  ) ;

Table ADDRESS created.

SQL> ALTER TABLE address ADD CONSTRAINT address_PK PRIMARY KEY ( AddressID ) ;

Table ADDRESS altered.

SQL> CREATE TABLE carBody
  (
    VehicleBodyID NUMBER NOT NULL ,
    VehicleBody   CHAR (256)
  ) ;

Table CARBODY created.

SQL> ALTER TABLE carBody ADD CONSTRAINT carBody_PK PRIMARY KEY ( VehicleBodyID ) ;

Table CARBODY altered.

SQL> CREATE TABLE carColor
  ( ColorID NUMBER NOT NULL , Color CHAR (256)
  ) ;

Table CARCOLOR created.

SQL> ALTER TABLE carColor ADD CONSTRAINT carColor_PK PRIMARY KEY ( ColorID ) ;

Table CARCOLOR altered.

SQL> CREATE TABLE carFeatures
  ( FeatureID NUMBER NOT NULL , Feature CHAR (256)
  ) ;

Table CARFEATURES created.

SQL> ALTER TABLE carFeatures ADD CONSTRAINT carFeatures_PK PRIMARY KEY ( FeatureID ) ;

Table CARFEATURES altered.

SQL> CREATE TABLE carMaker
  (
    MakerID          NUMBER NOT NULL ,
    Maker            CHAR (256) ,
    carModel_ModelID NUMBER NOT NULL
  ) ;

Table CARMAKER created.

SQL> CREATE UNIQUE INDEX carMaker__IDX ON carMaker
  (
    carModel_ModelID ASC
  )
  ;

Unique index CARMAKER__IDX created.

SQL> ALTER TABLE carMaker ADD CONSTRAINT carMaker_PK PRIMARY KEY ( MakerID ) ;

Table CARMAKER altered.

SQL> CREATE TABLE carModel
  (
    ModelID    NUMBER NOT NULL ,
    ModelMaker NUMBER ,
    Model      CHAR (256)
  ) ;

Table CARMODEL created.

SQL> ALTER TABLE carModel ADD CONSTRAINT carModel_PK PRIMARY KEY ( ModelID ) ;

Table CARMODEL altered.

SQL> CREATE TABLE carTransmission
  (
    TransmissionID   NUMBER NOT NULL ,
    TransmissionType CHAR (256)
  ) ;

Table CARTRANSMISSION created.

SQL> ALTER TABLE carTransmission ADD CONSTRAINT carTransmission_PK PRIMARY KEY ( TransmissionID ) ;

Table CARTRANSMISSION altered.

SQL> CREATE TABLE customer
  (
    CustomerID                NUMBER NOT NULL ,
    Loan                      NUMBER ,
    FName                     CHAR (256) ,
    LName                     CHAR (256) ,
    SpendLevel                NUMBER ,
    Years                     NUMBER ,
    Zip                       NUMBER ,
    address_AddressID         NUMBER NOT NULL ,
    salesperson_SalesPersonID NUMBER NOT NULL ,
    Phone                     NUMBER ,
    email                     CHAR (256)
  ) ;

Table CUSTOMER created.

SQL> CREATE UNIQUE INDEX customer__IDX ON customer
  (
    address_AddressID ASC
  )
  ;

Unique index CUSTOMER__IDX created.

SQL> CREATE UNIQUE INDEX customer__IDXv1 ON customer
  (
    salesperson_SalesPersonID ASC
  )
  ;

Unique index CUSTOMER__IDXV1 created.

SQL> ALTER TABLE customer ADD CONSTRAINT customer_PK PRIMARY KEY ( CustomerID ) ;

Table CUSTOMER altered.

SQL> CREATE TABLE sale
  (
    CurrentMileage              NUMBER ,
    Customization               NUMBER ,
    Financing                   NUMBER ,
    Warranty                    NUMBER ,
    TaxesFees                   NUMBER ,
    TotalPrice                  NUMBER ,
    CostofVehicle               NUMBER ,
    SaleID                      NUMBER NOT NULL ,
    License_Tax_Insur_AddiFeeID NUMBER NOT NULL ,
    vehicle_VehicleID           NUMBER NOT NULL ,
    salesperson_SalesPersonID   NUMBER NOT NULL
  ) ;

Table SALE created.

SQL> CREATE UNIQUE INDEX sale__IDX ON sale
  (
    License_Tax_Insur_AddiFeeID ASC
  )
  ;

Unique index SALE__IDX created.

SQL> ALTER TABLE sale ADD CONSTRAINT sale_PK PRIMARY KEY ( SaleID ) ;

Table SALE altered.

SQL> CREATE TABLE salesperson
  (
    CR                NUMBER ,
    Discount          NUMBER ,
    FName             CHAR (256) ,
    SalesPersonID     NUMBER NOT NULL ,
    LName             CHAR (256) ,
    Manager           NUMBER ,
    Pay               NUMBER ,
    Perform           NUMBER ,
    Sales             NUMBER ,
    SickDays          NUMBER ,
    Status            CHAR (256) ,
    Title             CHAR (256) ,
    VacDays           NUMBER ,
    Years             NUMBER ,
    Zip               NUMBER ,
    address_AddressID NUMBER NOT NULL ,
    Phone             NUMBER ,
    email             CHAR (256)
  ) ;

Table SALESPERSON created.

SQL> ALTER TABLE salesperson ADD CHECK ( CR BETWEEN 0.00 AND 100.00) ;

Table SALESPERSON altered.

SQL> ALTER TABLE salesperson ADD CHECK ( Discount BETWEEN 0.00 AND 100.00) ;

Table SALESPERSON altered.

SQL> CREATE UNIQUE INDEX salesperson__IDX ON salesperson ( address_AddressID ASC ) ;

Unique index SALESPERSON__IDX created.

SQL> ALTER TABLE salesperson ADD CONSTRAINT salesperson_PK PRIMARY KEY ( SalesPersonID ) ;

Table SALESPERSON altered.

SQL> CREATE TABLE satisfaction
  (
    Car                 NUMBER ,
    Dealership          NUMBER ,
    Salesperson         NUMBER ,
    customer_CustomerID NUMBER NOT NULL
  ) ;

Table SATISFACTION created.

SQL> CREATE UNIQUE INDEX satisfaction__IDX ON satisfaction
  (
    customer_CustomerID ASC
  )
  ;

Unique index SATISFACTION__IDX created.

SQL> CREATE TABLE vehicle
  (
    Delivered                      DATE ,
    Doors                          NUMBER ,
    VehicleID                      NUMBER NOT NULL ,
    MileageCurrent                 NUMBER ,
    MileageOrig                    NUMBER ,
    NEW                            CHAR (1) ,
    Price                          NUMBER ,
    ListPrice                      NUMBER ,
    Status                         NUMBER ,
    Weight                         INTEGER ,
    YEAR                           INTEGER ,
    carColor_ColorID               NUMBER NOT NULL ,
    carFeatures_FeatureID          NUMBER NOT NULL ,
    carModel_ModelID               NUMBER NOT NULL ,
    salesperson_SalesPersonID      NUMBER NOT NULL ,
    carTransmission_TransmissionID NUMBER NOT NULL ,
    carBody_VehicleBodyID          NUMBER NOT NULL ,
    DriveTrain_DrivetrainID        NUMBER NOT NULL ,
    Motor_MotorID                  NUMBER NOT NULL
  ) ;

Table VEHICLE created.

SQL> ALTER TABLE vehicle ADD CHECK ( NEW IN ('N', 'Y', 'n', 'y')) ;

Table VEHICLE altered.

SQL> CREATE UNIQUE INDEX vehicle__IDX ON vehicle ( carColor_ColorID ASC ) ;

Unique index VEHICLE__IDX created.

SQL> CREATE UNIQUE INDEX vehicle__IDXv1 ON vehicle ( carTransmission_TransmissionID ASC ) ;

Unique index VEHICLE__IDXV1 created.

SQL> CREATE UNIQUE INDEX vehicle__IDXv2 ON vehicle ( carBody_VehicleBodyID ASC ) ;

Unique index VEHICLE__IDXV2 created.

SQL> CREATE UNIQUE INDEX vehicle__IDXv3 ON vehicle ( DriveTrain_DrivetrainID ASC ) ;

Unique index VEHICLE__IDXV3 created.

SQL> CREATE UNIQUE INDEX vehicle__IDXv4 ON vehicle ( Motor_MotorID ASC ) ;

Unique index VEHICLE__IDXV4 created.

SQL> CREATE UNIQUE INDEX vehicle__IDXv5 ON vehicle ( carFeatures_FeatureID ASC ) ;

Unique index VEHICLE__IDXV5 created.

SQL> CREATE UNIQUE INDEX vehicle__IDXv6 ON vehicle ( carModel_ModelID ASC ) ;

Unique index VEHICLE__IDXV6 created.

SQL> ALTER TABLE vehicle ADD CONSTRAINT vehicle_PK PRIMARY KEY ( VehicleID ) ;

Table VEHICLE altered.

SQL> ALTER TABLE carMaker ADD CONSTRAINT carMaker_carModel_FK FOREIGN KEY ( carModel_ModelID ) REFERENCES carModel ( ModelID ) ;

Table CARMAKER altered.

SQL> ALTER TABLE customer ADD CONSTRAINT customer_address_FK FOREIGN KEY ( address_AddressID ) REFERENCES address ( AddressID ) ;

Table CUSTOMER altered.

SQL> ALTER TABLE customer ADD CONSTRAINT customer_salesperson_FK FOREIGN KEY ( salesperson_SalesPersonID ) REFERENCES salesperson ( SalesPersonID ) ;

Table CUSTOMER altered.

SQL> ALTER TABLE sale ADD CONSTRAINT sale_License_Tax_Insur_FK FOREIGN KEY ( License_Tax_Insur_AddiFeeID ) REFERENCES License_Tax_Insur ( AddiFeeID ) ;

Table SALE altered.

SQL> ALTER TABLE sale ADD CONSTRAINT sale_salesperson_FK FOREIGN KEY ( salesperson_SalesPersonID ) REFERENCES salesperson ( SalesPersonID ) ;

Table SALE altered.

SQL> ALTER TABLE sale ADD CONSTRAINT sale_vehicle_FK FOREIGN KEY ( vehicle_VehicleID ) REFERENCES vehicle ( VehicleID ) ;

Table SALE altered.

SQL> ALTER TABLE salesperson ADD CONSTRAINT salesperson_address_FK FOREIGN KEY ( address_AddressID ) REFERENCES address ( AddressID ) ;

Table SALESPERSON altered.

SQL> ALTER TABLE satisfaction ADD CONSTRAINT satisfaction_customer_FK FOREIGN KEY ( customer_CustomerID ) REFERENCES customer ( CustomerID ) ;

Table SATISFACTION altered.

SQL> ALTER TABLE vehicle ADD CONSTRAINT vehicle_DriveTrain_FK FOREIGN KEY ( DriveTrain_DrivetrainID ) REFERENCES DriveTrain ( DrivetrainID ) ;

Table VEHICLE altered.

SQL> ALTER TABLE vehicle ADD CONSTRAINT vehicle_Motor_FK FOREIGN KEY ( Motor_MotorID ) REFERENCES Motor ( MotorID ) ;

Table VEHICLE altered.

SQL> ALTER TABLE vehicle ADD CONSTRAINT vehicle_carBody_FK FOREIGN KEY ( carBody_VehicleBodyID ) REFERENCES carBody ( VehicleBodyID ) ;

Table VEHICLE altered.

SQL> ALTER TABLE vehicle ADD CONSTRAINT vehicle_carColor_FK FOREIGN KEY ( carColor_ColorID ) REFERENCES carColor ( ColorID ) ;

Table VEHICLE altered.

SQL> ALTER TABLE vehicle ADD CONSTRAINT vehicle_carFeatures_FK FOREIGN KEY ( carFeatures_FeatureID ) REFERENCES carFeatures ( FeatureID ) ;

Table VEHICLE altered.

SQL> ALTER TABLE vehicle ADD CONSTRAINT vehicle_carModel_FK FOREIGN KEY ( carModel_ModelID ) REFERENCES carModel ( ModelID ) ;

Table VEHICLE altered.

SQL> ALTER TABLE vehicle ADD CONSTRAINT vehicle_carTransmission_FK FOREIGN KEY ( carTransmission_TransmissionID ) REFERENCES carTransmission ( TransmissionID ) ;

Table VEHICLE altered.

SQL> ALTER TABLE vehicle ADD CONSTRAINT vehicle_salesperson_FK FOREIGN KEY ( salesperson_SalesPersonID ) REFERENCES salesperson ( SalesPersonID ) ;

Table VEHICLE altered.

SQL> -- Oracle SQL Developer Data Modeler Summary Report: 
SQL> -- 
SQL> -- CREATE TABLE                            15
SQL> -- CREATE INDEX                            13
SQL> -- ALTER TABLE                             34
SQL> -- CREATE VIEW                              0
SQL> -- ALTER VIEW                               0
SQL> -- CREATE PACKAGE                           0
SQL> -- CREATE PACKAGE BODY                      0
SQL> -- CREATE PROCEDURE                         0
SQL> -- CREATE FUNCTION                          0
SQL> -- CREATE TRIGGER                           0
SQL> -- ALTER TRIGGER                            0
SQL> -- CREATE COLLECTION TYPE                   0
SQL> -- CREATE STRUCTURED TYPE                   0
SQL> -- CREATE STRUCTURED TYPE BODY              0
SQL> -- CREATE CLUSTER                           0
SQL> -- CREATE CONTEXT                           0
SQL> -- CREATE DATABASE                          0
SQL> -- CREATE DIMENSION                         0
SQL> -- CREATE DIRECTORY                         0
SQL> -- CREATE DISK GROUP                        0
SQL> -- CREATE ROLE                              0
SQL> -- CREATE ROLLBACK SEGMENT                  0
SQL> -- CREATE SEQUENCE                          0
SQL> -- CREATE MATERIALIZED VIEW                 0
SQL> -- CREATE SYNONYM                           0
SQL> -- CREATE TABLESPACE                        0
SQL> -- CREATE USER                              0
SQL> -- 
SQL> -- DROP TABLESPACE                          0
SQL> -- DROP DATABASE                            0
SQL> -- 
SQL> -- REDACTION POLICY                         0
SQL> -- 
SQL> -- ORDS DROP SCHEMA                         0
SQL> -- ORDS ENABLE SCHEMA                       0
SQL> -- ORDS ENABLE OBJECT                       0
SQL> -- 
SQL> -- ERRORS                                   0
SQL> -- WARNINGS                                 0
